[0m13:52:36.624170 [debug] [MainThread]: Sending event: {'category': 'dbt', 'action': 'invocation', 'label': 'start', 'context': [<snowplow_tracker.self_describing_json.SelfDescribingJson object at 0x71ee230a1550>, <snowplow_tracker.self_describing_json.SelfDescribingJson object at 0x71ee24db3250>, <snowplow_tracker.self_describing_json.SelfDescribingJson object at 0x71ee21767b10>]}


============================== 13:52:36.632343 | dcd61026-0ca3-49a8-a300-a4d4411815c8 ==============================
[0m13:52:36.632343 [info ] [MainThread]: Running with dbt=1.12.5
[0m13:52:36.633125 [debug] [MainThread]: running dbt with arguments {'indirect_selection': 'eager', 'debug': 'False', 'warn_error_options': 'WarnErrorOptionsV2(error=[], warn=[], silence=[])', 'introspect': 'True', 'warn_error': 'None', 'no_print': 'None', 'fail_fast': 'False', 'use_experimental_parser': 'False', 'version_check': 'True', 'hints_enabled': 'True', 'send_anonymous_usage_stats': 'True', 'profiles_dir': '/home/codespace/.dbt', 'quiet': 'False', 'log_cache_events': 'False', 'empty': 'None', 'use_colors': 'True', 'log_format': 'default', 'log_path': '/workspaces/zomato-elt/zomato/logs', 'target_path': 'None', 'static_parser': 'True', 'partial_parse': 'True', 'maximum_seed_size_mib': '1', 'invocation_command': 'dbt debug', 'printer_width': '80', 'cache_selected_only': 'False', 'write_json': 'True'}
[0m13:52:36.645688 [info ] [MainThread]: dbt version: 1.12.5
[0m13:52:36.646205 [info ] [MainThread]: python version: 3.14.2
[0m13:52:36.646711 [info ] [MainThread]: python path: /usr/local/python/3.14.2/bin/python3
[0m13:52:36.647223 [info ] [MainThread]: os info: Linux-6.8.0-1064-azure-x86_64-with-glibc2.39
[0m13:52:37.271068 [debug] [MainThread]: Snowflake adapter: Setting snowflake.connector to ERROR (file logging only)
[0m13:52:37.271845 [debug] [MainThread]: Snowflake adapter: Setting botocore to ERROR (file logging only)
[0m13:52:37.272397 [debug] [MainThread]: Snowflake adapter: Setting boto3 to ERROR (file logging only)
[0m13:52:37.426718 [info ] [MainThread]: Using profiles dir at /home/codespace/.dbt
[0m13:52:37.428259 [info ] [MainThread]: Using profiles.yml file at /home/codespace/.dbt/profiles.yml
[0m13:52:37.429395 [info ] [MainThread]: Using dbt_project.yml file at /workspaces/zomato-elt/zomato/dbt_project.yml
[0m13:52:37.430746 [info ] [MainThread]: adapter type: snowflake
[0m13:52:37.431717 [info ] [MainThread]: adapter version: 1.12.1
[0m13:52:37.598414 [info ] [MainThread]: Configuration:
[0m13:52:37.599120 [info ] [MainThread]:   profiles.yml file [[32mOK found and valid[0m]
[0m13:52:37.599618 [info ] [MainThread]:   dbt_project.yml file [[32mOK found and valid[0m]
[0m13:52:37.600121 [info ] [MainThread]: Required dependencies:
[0m13:52:37.600628 [debug] [MainThread]: Executing "git --help"
[0m13:52:37.605164 [debug] [MainThread]: STDOUT: "b"usage: git [-v | --version] [-h | --help] [-C <path>] [-c <name>=<value>]\n           [--exec-path[=<path>]] [--html-path] [--man-path] [--info-path]\n           [-p | --paginate | -P | --no-pager] [--no-replace-objects] [--no-lazy-fetch]\n           [--no-optional-locks] [--no-advice] [--bare] [--git-dir=<path>]\n           [--work-tree=<path>] [--namespace=<name>] [--config-env=<name>=<envvar>]\n           <command> [<args>]\n\nThese are common Git commands used in various situations:\n\nstart a working area (see also: git help tutorial)\n   clone      Clone a repository into a new directory\n   init       Create an empty Git repository or reinitialize an existing one\n\nwork on the current change (see also: git help everyday)\n   add        Add file contents to the index\n   mv         Move or rename a file, a directory, or a symlink\n   restore    Restore working tree files\n   rm         Remove files from the working tree and from the index\n\nexamine the history and state (see also: git help revisions)\n   bisect     Use binary search to find the commit that introduced a bug\n   diff       Show changes between commits, commit and working tree, etc\n   grep       Print lines matching a pattern\n   log        Show commit logs\n   show       Show various types of objects\n   status     Show the working tree status\n\ngrow, mark and tweak your common history\n   backfill   Download missing objects in a partial clone\n   branch     List, create, or delete branches\n   commit     Record changes to the repository\n   history    EXPERIMENTAL: Rewrite history\n   merge      Join two or more development histories together\n   rebase     Reapply commits on top of another base tip\n   reset      Set `HEAD` or the index to a known state\n   switch     Switch branches\n   tag        Create, list, delete or verify tags\n\ncollaborate (see also: git help workflows)\n   fetch      Download objects and refs from another repository\n   pull       Fetch from and integrate with another repository or a local branch\n   push       Update remote refs along with associated objects\n\n'git help -a' and 'git help -g' list available subcommands and some\nconcept guides. See 'git help <command>' or 'git help <concept>'\nto read about a specific subcommand or concept.\nSee 'git help git' for an overview of the system.\n""
[0m13:52:37.605670 [debug] [MainThread]: STDERR: "b''"
[0m13:52:37.606387 [info ] [MainThread]:  - git [[32mOK found[0m]

[0m13:52:37.607027 [info ] [MainThread]: Connection:
[0m13:52:37.607659 [info ] [MainThread]:   account: hfauscm-nw43607
[0m13:52:37.608502 [info ] [MainThread]:   user: dbt_svc_user
[0m13:52:37.609155 [info ] [MainThread]:   database: ZOMATO
[0m13:52:37.609651 [info ] [MainThread]:   warehouse: ZOMATO_WH
[0m13:52:37.610171 [info ] [MainThread]:   role: DBT_ROLE
[0m13:52:37.610635 [info ] [MainThread]:   schema: STAGING
[0m13:52:37.611142 [info ] [MainThread]:   authenticator: None
[0m13:52:37.611624 [info ] [MainThread]:   oauth_client_id: None
[0m13:52:37.612122 [info ] [MainThread]:   query_tag: None
[0m13:52:37.612580 [info ] [MainThread]:   client_session_keep_alive: False
[0m13:52:37.613135 [info ] [MainThread]:   host: None
[0m13:52:37.613607 [info ] [MainThread]:   port: None
[0m13:52:37.614143 [info ] [MainThread]:   proxy_host: None
[0m13:52:37.614985 [info ] [MainThread]:   proxy_port: None
[0m13:52:37.615881 [info ] [MainThread]:   protocol: None
[0m13:52:37.616669 [info ] [MainThread]:   connect_retries: 1
[0m13:52:37.617180 [info ] [MainThread]:   connect_timeout: None
[0m13:52:37.617643 [info ] [MainThread]:   retry_on_database_errors: False
[0m13:52:37.618210 [info ] [MainThread]:   retry_all: False
[0m13:52:37.618675 [info ] [MainThread]:   insecure_mode: False
[0m13:52:37.619211 [info ] [MainThread]:   reuse_connections: True
[0m13:52:37.619910 [info ] [MainThread]:   s3_stage_vpce_dns_name: None
[0m13:52:37.620444 [info ] [MainThread]:   workload_identity_provider: None
[0m13:52:37.620994 [info ] [MainThread]:   workload_identity_entra_resource: None
[0m13:52:37.621596 [info ] [MainThread]:   platform_detection_timeout_seconds: 0.0
[0m13:52:37.622413 [info ] [MainThread]: Registered adapter: snowflake=1.12.1
[0m13:52:37.801977 [debug] [MainThread]: Acquiring new snowflake connection 'debug'
[0m13:52:37.804131 [debug] [MainThread]: Using snowflake connection "debug"
[0m13:52:37.804583 [debug] [MainThread]: On debug: select 1 as id
[0m13:52:37.805193 [debug] [MainThread]: Opening a new connection, currently in state init
[0m13:52:38.993822 [debug] [MainThread]: Snowflake adapter: Error running SQL: select 1 as id
[0m13:52:38.994359 [debug] [MainThread]: Snowflake adapter: Rolling back transaction.
[0m13:52:38.994974 [info ] [MainThread]:   Connection test: [[31mERROR[0m]

[0m13:52:38.995524 [info ] [MainThread]: [31m1 check failed:[0m
[0m13:52:38.996058 [info ] [MainThread]: dbt was unable to connect to the specified database.
The database returned the following error:

  >Database Error
  390144 (28000): Failed to connect to DB: hfauscm-nw43607.snowflakecomputing.com:443. JWT token is invalid.  [183eae62-a19d-4946-b630-829f77dfbb80]

Check your database credentials and try again. For more information, visit:
https://docs.getdbt.com/docs/configure-your-profile


[0m13:52:38.998519 [debug] [MainThread]: Resource report: {"command_name": "debug", "command_success": false, "command_wall_clock_time": 2.4726396, "process_in_blocks": "58064", "process_kernel_time": 0.586371, "process_mem_max_rss": "192392", "process_out_blocks": "8056", "process_user_time": 4.395799}
[0m13:52:38.999507 [debug] [MainThread]: Command `dbt debug` failed at 13:52:38.999386 after 2.47 seconds
[0m13:52:38.999961 [debug] [MainThread]: Connection 'debug' was left open.
[0m13:52:39.000344 [debug] [MainThread]: On debug: No close available on handle
[0m13:52:39.001066 [debug] [MainThread]: Sending event: {'category': 'dbt', 'action': 'invocation', 'label': 'end', 'context': [<snowplow_tracker.self_describing_json.SelfDescribingJson object at 0x71ee1ed69cd0>, <snowplow_tracker.self_describing_json.SelfDescribingJson object at 0x71ee1e595010>, <snowplow_tracker.self_describing_json.SelfDescribingJson object at 0x71ee1e6c2140>]}
[0m13:52:39.001560 [debug] [MainThread]: Flushing usage events
[0m13:52:39.839567 [debug] [MainThread]: An error was encountered while trying to flush usage events
[0m13:55:49.621991 [debug] [MainThread]: Sending event: {'category': 'dbt', 'action': 'invocation', 'label': 'start', 'context': [<snowplow_tracker.self_describing_json.SelfDescribingJson object at 0x70a508b99550>, <snowplow_tracker.self_describing_json.SelfDescribingJson object at 0x70a50a88f250>, <snowplow_tracker.self_describing_json.SelfDescribingJson object at 0x70a507263b10>]}


============================== 13:55:49.625572 | 856d0293-21fd-4e9c-b740-2948906e5f79 ==============================
[0m13:55:49.625572 [info ] [MainThread]: Running with dbt=1.12.5
[0m13:55:49.626436 [debug] [MainThread]: running dbt with arguments {'indirect_selection': 'eager', 'introspect': 'True', 'fail_fast': 'False', 'send_anonymous_usage_stats': 'True', 'log_format': 'default', 'cache_selected_only': 'False', 'profiles_dir': '/home/codespace/.dbt', 'maximum_seed_size_mib': '1', 'quiet': 'False', 'invocation_command': 'dbt debug', 'write_json': 'True', 'log_path': '/workspaces/zomato-elt/zomato/logs', 'log_cache_events': 'False', 'empty': 'None', 'partial_parse': 'True', 'version_check': 'True', 'use_colors': 'True', 'static_parser': 'True', 'use_experimental_parser': 'False', 'hints_enabled': 'True', 'printer_width': '80', 'no_print': 'None', 'debug': 'False', 'warn_error': 'None', 'target_path': 'None', 'warn_error_options': 'WarnErrorOptionsV2(error=[], warn=[], silence=[])'}
[0m13:55:49.637201 [info ] [MainThread]: dbt version: 1.12.5
[0m13:55:49.637715 [info ] [MainThread]: python version: 3.14.2
[0m13:55:49.638252 [info ] [MainThread]: python path: /usr/local/python/3.14.2/bin/python3
[0m13:55:49.638726 [info ] [MainThread]: os info: Linux-6.8.0-1064-azure-x86_64-with-glibc2.39
[0m13:55:50.000998 [debug] [MainThread]: Snowflake adapter: Setting snowflake.connector to ERROR (file logging only)
[0m13:55:50.001625 [debug] [MainThread]: Snowflake adapter: Setting botocore to ERROR (file logging only)
[0m13:55:50.002288 [debug] [MainThread]: Snowflake adapter: Setting boto3 to ERROR (file logging only)
[0m13:55:50.126841 [info ] [MainThread]: Using profiles dir at /home/codespace/.dbt
[0m13:55:50.127421 [info ] [MainThread]: Using profiles.yml file at /home/codespace/.dbt/profiles.yml
[0m13:55:50.127896 [info ] [MainThread]: Using dbt_project.yml file at /workspaces/zomato-elt/zomato/dbt_project.yml
[0m13:55:50.128671 [info ] [MainThread]: adapter type: snowflake
[0m13:55:50.129147 [info ] [MainThread]: adapter version: 1.12.1
[0m13:55:50.263435 [info ] [MainThread]: Configuration:
[0m13:55:50.264051 [info ] [MainThread]:   profiles.yml file [[32mOK found and valid[0m]
[0m13:55:50.264595 [info ] [MainThread]:   dbt_project.yml file [[32mOK found and valid[0m]
[0m13:55:50.265103 [info ] [MainThread]: Required dependencies:
[0m13:55:50.265613 [debug] [MainThread]: Executing "git --help"
[0m13:55:50.268396 [debug] [MainThread]: STDOUT: "b"usage: git [-v | --version] [-h | --help] [-C <path>] [-c <name>=<value>]\n           [--exec-path[=<path>]] [--html-path] [--man-path] [--info-path]\n           [-p | --paginate | -P | --no-pager] [--no-replace-objects] [--no-lazy-fetch]\n           [--no-optional-locks] [--no-advice] [--bare] [--git-dir=<path>]\n           [--work-tree=<path>] [--namespace=<name>] [--config-env=<name>=<envvar>]\n           <command> [<args>]\n\nThese are common Git commands used in various situations:\n\nstart a working area (see also: git help tutorial)\n   clone      Clone a repository into a new directory\n   init       Create an empty Git repository or reinitialize an existing one\n\nwork on the current change (see also: git help everyday)\n   add        Add file contents to the index\n   mv         Move or rename a file, a directory, or a symlink\n   restore    Restore working tree files\n   rm         Remove files from the working tree and from the index\n\nexamine the history and state (see also: git help revisions)\n   bisect     Use binary search to find the commit that introduced a bug\n   diff       Show changes between commits, commit and working tree, etc\n   grep       Print lines matching a pattern\n   log        Show commit logs\n   show       Show various types of objects\n   status     Show the working tree status\n\ngrow, mark and tweak your common history\n   backfill   Download missing objects in a partial clone\n   branch     List, create, or delete branches\n   commit     Record changes to the repository\n   history    EXPERIMENTAL: Rewrite history\n   merge      Join two or more development histories together\n   rebase     Reapply commits on top of another base tip\n   reset      Set `HEAD` or the index to a known state\n   switch     Switch branches\n   tag        Create, list, delete or verify tags\n\ncollaborate (see also: git help workflows)\n   fetch      Download objects and refs from another repository\n   pull       Fetch from and integrate with another repository or a local branch\n   push       Update remote refs along with associated objects\n\n'git help -a' and 'git help -g' list available subcommands and some\nconcept guides. See 'git help <command>' or 'git help <concept>'\nto read about a specific subcommand or concept.\nSee 'git help git' for an overview of the system.\n""
[0m13:55:50.268924 [debug] [MainThread]: STDERR: "b''"
[0m13:55:50.269306 [info ] [MainThread]:  - git [[32mOK found[0m]

[0m13:55:50.269789 [info ] [MainThread]: Connection:
[0m13:55:50.271029 [info ] [MainThread]:   account: hfauscm-nw43607
[0m13:55:50.271861 [info ] [MainThread]:   user: dbt_svc_user
[0m13:55:50.272498 [info ] [MainThread]:   database: ZOMATO
[0m13:55:50.273193 [info ] [MainThread]:   warehouse: ZOMATO_WH
[0m13:55:50.273847 [info ] [MainThread]:   role: DBT_ROLE
[0m13:55:50.274326 [info ] [MainThread]:   schema: STAGING
[0m13:55:50.274783 [info ] [MainThread]:   authenticator: None
[0m13:55:50.275336 [info ] [MainThread]:   oauth_client_id: None
[0m13:55:50.275965 [info ] [MainThread]:   query_tag: None
[0m13:55:50.276910 [info ] [MainThread]:   client_session_keep_alive: False
[0m13:55:50.277694 [info ] [MainThread]:   host: None
[0m13:55:50.278583 [info ] [MainThread]:   port: None
[0m13:55:50.279228 [info ] [MainThread]:   proxy_host: None
[0m13:55:50.279776 [info ] [MainThread]:   proxy_port: None
[0m13:55:50.280393 [info ] [MainThread]:   protocol: None
[0m13:55:50.280949 [info ] [MainThread]:   connect_retries: 1
[0m13:55:50.281470 [info ] [MainThread]:   connect_timeout: None
[0m13:55:50.282062 [info ] [MainThread]:   retry_on_database_errors: False
[0m13:55:50.282644 [info ] [MainThread]:   retry_all: False
[0m13:55:50.283331 [info ] [MainThread]:   insecure_mode: False
[0m13:55:50.284009 [info ] [MainThread]:   reuse_connections: True
[0m13:55:50.284600 [info ] [MainThread]:   s3_stage_vpce_dns_name: None
[0m13:55:50.285236 [info ] [MainThread]:   workload_identity_provider: None
[0m13:55:50.285872 [info ] [MainThread]:   workload_identity_entra_resource: None
[0m13:55:50.286424 [info ] [MainThread]:   platform_detection_timeout_seconds: 0.0
[0m13:55:50.287151 [info ] [MainThread]: Registered adapter: snowflake=1.12.1
[0m13:55:50.447219 [debug] [MainThread]: Acquiring new snowflake connection 'debug'
[0m13:55:50.450237 [debug] [MainThread]: Using snowflake connection "debug"
[0m13:55:50.450889 [debug] [MainThread]: On debug: select 1 as id
[0m13:55:50.451306 [debug] [MainThread]: Opening a new connection, currently in state init
[0m13:55:50.962601 [debug] [MainThread]: SQL status: SUCCESS 1 in 0.511 seconds
[0m13:55:50.963715 [info ] [MainThread]:   Connection test: [[32mOK connection ok[0m]

[0m13:55:50.964307 [info ] [MainThread]: [32mAll checks passed![0m
[0m13:55:50.965499 [debug] [MainThread]: Resource report: {"command_name": "debug", "command_success": true, "command_wall_clock_time": 1.4382205, "process_in_blocks": "344", "process_kernel_time": 0.412914, "process_mem_max_rss": "192124", "process_out_blocks": "8056", "process_user_time": 3.816482}
[0m13:55:50.966385 [debug] [MainThread]: Command `dbt debug` succeeded at 13:55:50.966265 after 1.44 seconds
[0m13:55:50.966844 [debug] [MainThread]: Connection 'debug' was left open.
[0m13:55:50.967278 [debug] [MainThread]: On debug: Close
[0m13:55:51.028315 [debug] [MainThread]: Sending event: {'category': 'dbt', 'action': 'invocation', 'label': 'end', 'context': [<snowplow_tracker.self_describing_json.SelfDescribingJson object at 0x70a4fff796e0>, <snowplow_tracker.self_describing_json.SelfDescribingJson object at 0x70a50a9a8050>, <snowplow_tracker.self_describing_json.SelfDescribingJson object at 0x70a5041c2360>]}
[0m13:55:51.029127 [debug] [MainThread]: Flushing usage events
[0m13:55:52.009157 [debug] [MainThread]: An error was encountered while trying to flush usage events
